
> translam-admin-backend@1.0.0 start
> node src/server.js

✅ Admin users table created/verified
ℹ️  Admin user already exists
node:events:491
      throw er; // Unhandled 'error' event
      ^

Error: listen EADDRINUSE: address already in use :::4000
    at Server.setupListenHandle [as _listen2] (node:net:1937:16)
    at listenInCluster (node:net:1994:12)
    at Server.listen (node:net:2099:7)
    at Function.listen (/Users/atulteotia/Desktop/transl/translam_website_tiper/admin-backend/node_modules/express/lib/application.js:635:24)
    at /Users/atulteotia/Desktop/transl/translam_website_tiper/admin-backend/src/server.js:43:7
    at process.processTicksAndRejections (node:internal/process/task_queues:105:5)
Emitted 'error' event on Server instance at:
    at emitErrorNT (node:net:1973:8)
    at process.processTicksAndRejections (node:internal/process/task_queues:90:21) {
  code: 'EADDRINUSE',
  errno: -48,
  syscall: 'listen',
  address: '::',
  port: 4000
}

Node.js v23.5.0
